MARQANT 0 31 35
---
# Title

## Head

Some content
